../Core/Src/main.c:199:5:main	40	static
../Core/Src/main.c:389:6:SystemClock_Config	88	static
../Core/Src/main.c:436:13:MX_ADC1_Init	56	static
../Core/Src/main.c:504:13:MX_DAC1_Init	56	static
../Core/Src/main.c:551:13:MX_OPAMP1_Init	8	static
../Core/Src/main.c:585:13:MX_TIM1_Init	40	static
../Core/Src/main.c:632:13:MX_USART2_UART_Init	8	static
../Core/Src/main.c:680:13:MX_USART3_UART_Init	8	static
../Core/Src/main.c:716:13:MX_GPIO_Init	40	static
../Core/Src/main.c:752:6:TIM1_Config_For_Sampling	8	static
../Core/Src/main.c:779:11:Apply_Distortion	24	static
../Core/Src/main.c:813:11:Apply_Overdrive	64	static
../Core/Src/main.c:925:11:Apply_Delay	48	static
../Core/Src/main.c:987:11:Apply_NoiseGate	40	static
../Core/Src/main.c:1057:6:Parse_UART_Command	264	static
../Core/Src/main.c:1351:6:Send_UART_Response	16	static
../Core/Src/main.c:1362:6:Process_Guitar_Signal	24	static
../Core/Src/main.c:1398:6:HAL_TIM_PeriodElapsedCallback	32	static
../Core/Src/main.c:1504:6:HAL_UART_RxCpltCallback	16	static
../Core/Src/main.c:1534:6:Error_Handler	4	static,ignoring_inline_asm
